
> temp-app@0.1.0 test
> jest --coverage src/__tests__/Quiz.test.tsx

node.exe : FAIL src/__tests__/Quiz.test.tsx
At line:1 char:1
+ & "C:\Program Files\nodejs/node.exe" "C:\Program Files\nodejs/node_mo ...
+ ~~~~~~~~~~~~~~~~~~~~~~~~~~~~~~~~~~~~~~~~~~~~~~~~~~~~~~~~~~~~~~~~~~~~~
    + CategoryInfo          : NotSpecified: (FAIL src/__tests__/Quiz.test.tsx:String) [], RemoteException
    + FullyQualifiedErrorId : NativeCommandError
 
  Quiz Component
    ΓêÜ renders the first question (33 ms)
    ├ù updates score and shows result after last question (10 ms)

  ΓùÅ Quiz Component ΓÇ║ updates score and shows result after last question

    ReferenceError: act is not defined

    [0m [90m 33 |[39m     
     [90m 34 |[39m     [90m// Fast-forward 1 second for the timeout[39m
    [31m[1m>[22m[39m[90m 35 |[39m     act(() [33m=>[39m {
     [90m    |[39m     [31m[1m^[22m[39m
     [90m 36 |[39m       jest[33m.[39madvanceTimersByTime([35m1000[39m)[33m;[39m
     [90m 37 |[39m     })[33m;[39m
     [90m 38 |[39m     [0m

      at Object.act (src/__tests__/Quiz.test.tsx:35:5)

----------------------|---------|----------|---------|---------|-------------------------
File                  | % Stmts | % Branch | % Funcs | % Lines | Uncovered Line #s       
----------------------|---------|----------|---------|---------|-------------------------
All files             |   92.87 |    68.75 |   57.14 |   92.87 |                         
 components           |   76.92 |    77.77 |      75 |   76.92 |                         
  Quiz.tsx            |   76.92 |    77.77 |      75 |   76.92 | 28-33,38-42,45-52,72-73 
 context              |      76 |    57.14 |   33.33 |      76 |                         
  LanguageContext.tsx |      76 |    57.14 |   33.33 |      76 | 23-25,29-31,45-50       
 i18n                 |     100 |      100 |     100 |     100 |                         
  dictionaries.ts     |     100 |      100 |     100 |     100 |                         
----------------------|---------|----------|---------|---------|-------------------------
Test Suites: 1 failed, 1 total
Tests:       1 failed, 1 passed, 2 total
Snapshots:   0 total
Time:        1.842 s, estimated 2 s
Ran all test suites matching src/__tests__/Quiz.test.tsx.
